Myrie,B
Hatch,C
Costa,F
Dabu,B
Sun,C
Chabot,A
Giblett,D
Suglio,A
Smith,C
Bodnar,S
Allison,C
Koreck,B
Parr,S
Lamont,S
Peters,A
Wang,S
Eccles,B
Pereira,A
He,A
Ali,A
